[0.019s][info][gc] Using G1
[0.022s][info][gc,init] Version: 17.0.3+7 (release)
[0.022s][info][gc,init] CPUs: 4 total, 4 available
[0.023s][info][gc,init] Memory: 14270M
[0.023s][info][gc,init] Large Page Support: Disabled
[0.023s][info][gc,init] NUMA Support: Disabled
[0.023s][info][gc,init] Compressed Oops: Enabled (Zero based)
[0.023s][info][gc,init] Heap Region Size: 2M
[0.023s][info][gc,init] Heap Min Capacity: 8M
[0.023s][info][gc,init] Heap Initial Capacity: 224M
[0.023s][info][gc,init] Heap Max Capacity: 3568M
[0.023s][info][gc,init] Pre-touch: Disabled
[0.023s][info][gc,init] Parallel Workers: 4
[0.023s][info][gc,init] Concurrent Workers: 1
[0.023s][info][gc,init] Concurrent Refinement Workers: 4
[0.023s][info][gc,init] Periodic GC: Disabled
[0.024s][info][gc,metaspace] CDS archive(s) mapped at: [0x0000000800000000-0x0000000800bc0000-0x0000000800bc0000), size 12320768, SharedBaseAddress: 0x0000000800000000, ArchiveRelocationMode: 0.
[0.024s][info][gc,metaspace] Compressed class space mapped at: 0x0000000800c00000-0x0000000840c00000, reserved size: 1073741824
[0.024s][info][gc,metaspace] Narrow klass base: 0x0000000800000000, Narrow klass shift: 0, Narrow klass range: 0x100000000
[29.936s][info][gc,start    ] GC(0) Pause Young (Normal) (G1 Evacuation Pause)
[29.936s][info][gc,task     ] GC(0) Using 4 workers of 4 for evacuation
[29.939s][info][gc,phases   ] GC(0)   Pre Evacuate Collection Set: 0.0ms
[29.939s][info][gc,phases   ] GC(0)   Merge Heap Roots: 0.1ms
[29.939s][info][gc,phases   ] GC(0)   Evacuate Collection Set: 2.1ms
[29.939s][info][gc,phases   ] GC(0)   Post Evacuate Collection Set: 0.4ms
[29.939s][info][gc,phases   ] GC(0)   Other: 0.8ms
[29.939s][info][gc,heap     ] GC(0) Eden regions: 6->0(7)
[29.939s][info][gc,heap     ] GC(0) Survivor regions: 0->1(1)
[29.939s][info][gc,heap     ] GC(0) Old regions: 0->0
[29.939s][info][gc,heap     ] GC(0) Archive regions: 0->0
[29.939s][info][gc,heap     ] GC(0) Humongous regions: 0->0
[29.939s][info][gc,metaspace] GC(0) Metaspace: 5226K(5376K)->5226K(5376K) NonClass: 4952K(5056K)->4952K(5056K) Class: 274K(320K)->274K(320K)
[29.939s][info][gc          ] GC(0) Pause Young (Normal) (G1 Evacuation Pause) 12M->1M(224M) 3.438ms
[29.939s][info][gc,cpu      ] GC(0) User=0.00s Sys=0.00s Real=0.00s
[224.217s][info][gc,heap,exit] Heap
[224.217s][info][gc,heap,exit]  garbage-first heap   total 229376K, used 13153K [0x0000000721000000, 0x0000000800000000)
[224.217s][info][gc,heap,exit]   region size 2048K, 7 young (14336K), 1 survivors (2048K)
[224.217s][info][gc,heap,exit]  Metaspace       used 5230K, committed 5376K, reserved 1056768K
[224.217s][info][gc,heap,exit]   class space    used 274K, committed 320K, reserved 1048576K
