[0.017s][info][gc] Using G1
[0.021s][info][gc,init] Version: 17.0.3+7 (release)
[0.021s][info][gc,init] CPUs: 4 total, 4 available
[0.021s][info][gc,init] Memory: 14270M
[0.021s][info][gc,init] Large Page Support: Disabled
[0.021s][info][gc,init] NUMA Support: Disabled
[0.021s][info][gc,init] Compressed Oops: Enabled (Zero based)
[0.022s][info][gc,init] Heap Region Size: 2M
[0.022s][info][gc,init] Heap Min Capacity: 8M
[0.022s][info][gc,init] Heap Initial Capacity: 224M
[0.022s][info][gc,init] Heap Max Capacity: 3568M
[0.022s][info][gc,init] Pre-touch: Disabled
[0.022s][info][gc,init] Parallel Workers: 4
[0.022s][info][gc,init] Concurrent Workers: 1
[0.022s][info][gc,init] Concurrent Refinement Workers: 4
[0.022s][info][gc,init] Periodic GC: Disabled
[0.024s][info][gc,metaspace] CDS archive(s) mapped at: [0x0000000800000000-0x0000000800bc0000-0x0000000800bc0000), size 12320768, SharedBaseAddress: 0x0000000800000000, ArchiveRelocationMode: 0.
[0.024s][info][gc,metaspace] Compressed class space mapped at: 0x0000000800c00000-0x0000000840c00000, reserved size: 1073741824
[0.024s][info][gc,metaspace] Narrow klass base: 0x0000000800000000, Narrow klass shift: 0, Narrow klass range: 0x100000000
[31.418s][info][gc,start    ] GC(0) Pause Young (Normal) (G1 Evacuation Pause)
[31.418s][info][gc,task     ] GC(0) Using 4 workers of 4 for evacuation
[31.424s][info][gc,phases   ] GC(0)   Pre Evacuate Collection Set: 0.1ms
[31.424s][info][gc,phases   ] GC(0)   Merge Heap Roots: 0.1ms
[31.424s][info][gc,phases   ] GC(0)   Evacuate Collection Set: 4.6ms
[31.424s][info][gc,phases   ] GC(0)   Post Evacuate Collection Set: 0.5ms
[31.424s][info][gc,phases   ] GC(0)   Other: 0.7ms
[31.424s][info][gc,heap     ] GC(0) Eden regions: 6->0(7)
[31.424s][info][gc,heap     ] GC(0) Survivor regions: 0->1(1)
[31.424s][info][gc,heap     ] GC(0) Old regions: 0->0
[31.424s][info][gc,heap     ] GC(0) Archive regions: 0->0
[31.424s][info][gc,heap     ] GC(0) Humongous regions: 0->0
[31.424s][info][gc,metaspace] GC(0) Metaspace: 5208K(5376K)->5208K(5376K) NonClass: 4934K(5056K)->4934K(5056K) Class: 274K(320K)->274K(320K)
[31.424s][info][gc          ] GC(0) Pause Young (Normal) (G1 Evacuation Pause) 12M->1M(224M) 6.782ms
[31.425s][info][gc,cpu      ] GC(0) User=0.03s Sys=0.02s Real=0.01s
[111.147s][info][gc,heap,exit] Heap
[111.147s][info][gc,heap,exit]  garbage-first heap   total 229376K, used 6750K [0x0000000721000000, 0x0000000800000000)
[111.147s][info][gc,heap,exit]   region size 2048K, 4 young (8192K), 1 survivors (2048K)
[111.147s][info][gc,heap,exit]  Metaspace       used 5242K, committed 5376K, reserved 1056768K
[111.147s][info][gc,heap,exit]   class space    used 274K, committed 320K, reserved 1048576K
