[0.048s][info][gc] Using G1
[0.051s][info][gc,init] Version: 17.0.3+7 (release)
[0.052s][info][gc,init] CPUs: 4 total, 4 available
[0.052s][info][gc,init] Memory: 14270M
[0.052s][info][gc,init] Large Page Support: Disabled
[0.052s][info][gc,init] NUMA Support: Disabled
[0.052s][info][gc,init] Compressed Oops: Enabled (Zero based)
[0.052s][info][gc,init] Heap Region Size: 2M
[0.052s][info][gc,init] Heap Min Capacity: 8M
[0.052s][info][gc,init] Heap Initial Capacity: 224M
[0.052s][info][gc,init] Heap Max Capacity: 3568M
[0.052s][info][gc,init] Pre-touch: Disabled
[0.052s][info][gc,init] Parallel Workers: 4
[0.053s][info][gc,init] Concurrent Workers: 1
[0.053s][info][gc,init] Concurrent Refinement Workers: 4
[0.053s][info][gc,init] Periodic GC: Disabled
[0.054s][info][gc,metaspace] CDS archive(s) mapped at: [0x0000000800000000-0x0000000800bc0000-0x0000000800bc0000), size 12320768, SharedBaseAddress: 0x0000000800000000, ArchiveRelocationMode: 0.
[0.054s][info][gc,metaspace] Compressed class space mapped at: 0x0000000800c00000-0x0000000840c00000, reserved size: 1073741824
[0.054s][info][gc,metaspace] Narrow klass base: 0x0000000800000000, Narrow klass shift: 0, Narrow klass range: 0x100000000
[30.474s][info][gc,start    ] GC(0) Pause Young (Normal) (G1 Evacuation Pause)
[30.475s][info][gc,task     ] GC(0) Using 4 workers of 4 for evacuation
[30.478s][info][gc,phases   ] GC(0)   Pre Evacuate Collection Set: 0.1ms
[30.478s][info][gc,phases   ] GC(0)   Merge Heap Roots: 0.1ms
[30.478s][info][gc,phases   ] GC(0)   Evacuate Collection Set: 2.8ms
[30.478s][info][gc,phases   ] GC(0)   Post Evacuate Collection Set: 0.4ms
[30.478s][info][gc,phases   ] GC(0)   Other: 0.6ms
[30.479s][info][gc,heap     ] GC(0) Eden regions: 6->0(7)
[30.479s][info][gc,heap     ] GC(0) Survivor regions: 0->1(1)
[30.479s][info][gc,heap     ] GC(0) Old regions: 0->0
[30.479s][info][gc,heap     ] GC(0) Archive regions: 0->0
[30.479s][info][gc,heap     ] GC(0) Humongous regions: 0->0
[30.479s][info][gc,metaspace] GC(0) Metaspace: 5209K(5376K)->5209K(5376K) NonClass: 4935K(5056K)->4935K(5056K) Class: 274K(320K)->274K(320K)
[30.479s][info][gc          ] GC(0) Pause Young (Normal) (G1 Evacuation Pause) 12M->1M(224M) 4.723ms
[30.479s][info][gc,cpu      ] GC(0) User=0.00s Sys=0.00s Real=0.00s
[69.836s][info][gc,heap,exit] Heap
[69.836s][info][gc,heap,exit]  garbage-first heap   total 229376K, used 4742K [0x0000000721000000, 0x0000000800000000)
[69.836s][info][gc,heap,exit]   region size 2048K, 3 young (6144K), 1 survivors (2048K)
[69.836s][info][gc,heap,exit]  Metaspace       used 5218K, committed 5376K, reserved 1056768K
[69.836s][info][gc,heap,exit]   class space    used 274K, committed 320K, reserved 1048576K
