[0.018s][info][gc] Using G1
[0.021s][info][gc,init] Version: 17.0.3+7 (release)
[0.021s][info][gc,init] CPUs: 4 total, 4 available
[0.021s][info][gc,init] Memory: 14270M
[0.021s][info][gc,init] Large Page Support: Disabled
[0.021s][info][gc,init] NUMA Support: Disabled
[0.021s][info][gc,init] Compressed Oops: Enabled (Zero based)
[0.021s][info][gc,init] Heap Region Size: 2M
[0.021s][info][gc,init] Heap Min Capacity: 8M
[0.021s][info][gc,init] Heap Initial Capacity: 224M
[0.021s][info][gc,init] Heap Max Capacity: 3568M
[0.021s][info][gc,init] Pre-touch: Disabled
[0.021s][info][gc,init] Parallel Workers: 4
[0.021s][info][gc,init] Concurrent Workers: 1
[0.021s][info][gc,init] Concurrent Refinement Workers: 4
[0.022s][info][gc,init] Periodic GC: Disabled
[0.026s][info][gc,metaspace] CDS archive(s) mapped at: [0x0000000800000000-0x0000000800bc0000-0x0000000800bc0000), size 12320768, SharedBaseAddress: 0x0000000800000000, ArchiveRelocationMode: 0.
[0.026s][info][gc,metaspace] Compressed class space mapped at: 0x0000000800c00000-0x0000000840c00000, reserved size: 1073741824
[0.026s][info][gc,metaspace] Narrow klass base: 0x0000000800000000, Narrow klass shift: 0, Narrow klass range: 0x100000000
[2.619s][info][gc,heap,exit] Heap
[2.619s][info][gc,heap,exit]  garbage-first heap   total 229376K, used 10793K [0x0000000721000000, 0x0000000800000000)
[2.619s][info][gc,heap,exit]   region size 2048K, 6 young (12288K), 0 survivors (0K)
[2.619s][info][gc,heap,exit]  Metaspace       used 5150K, committed 5248K, reserved 1056768K
[2.619s][info][gc,heap,exit]   class space    used 272K, committed 320K, reserved 1048576K
